# This file was autogenerated from ASN.1 model.

TELEMETRY example Simple-choice BIG_ENDIAN ""
    APPEND_ITEM         hour                                  5 UINT            ""
        UNITS h h
    APPEND_ITEM         minute                                6 UINT            ""
        UNITS min min
    APPEND_ITEM         hour                                  5 UINT            ""
        UNITS h h
    APPEND_ITEM         minute                                6 UINT            ""
        UNITS min min
    APPEND_ARRAY_ITEM   eat                                   2 UINT          4 "select two food"
        STATE carrot                          0
        STATE apple                           1
        STATE banana                          2
    APPEND_ITEM         visible-string                     1024 STRING          ""
    APPEND_ITEM         numeric-string                     1032 STRING          ""
    APPEND_ARRAY_ITEM   zip-code                              4 UINT         20 "your 5 digit zip code"
