# This file was autogenerated from ASN.1 model.

TELEMETRY sandbox Sandbox-hk-pc BIG_ENDIAN "(0x0899) SANDBOX PC housekeeping telemetry"
    APPEND_ID_ITEM      packet-version-number                 3 UINT          0 ""
    APPEND_ID_ITEM      packet-type-is-cmd                    1 UINT          0 ""
        STATE False                           0
        STATE True                            1
    APPEND_ID_ITEM      sec-hdr-flag-is-present               1 UINT          1 ""
        STATE False                           0
        STATE True                            1
    APPEND_ID_ITEM      application-process-identifier       11 UINT       0x99 ""
    APPEND_ITEM         sequence-flags                        2 UINT            ""
        STATE continuation-packet-in-sequence 0
        STATE first-packet-in-sequence        1
        STATE last-packet-in-sequence         2
        STATE complete-packet                 3
    APPEND_ITEM         packet-sequence-count                14 UINT            ""
    APPEND_ITEM         packet-data-length                   16 UINT            "length of the packet"
    APPEND_ITEM         seconds                              32 UINT            ""
        UNITS sec sec
    APPEND_ITEM         subsecs                              16 UINT            ""
        UNITS ms ms
    APPEND_ITEM         spare-2-align                        32 UINT            "Spares"
    APPEND_ITEM         cpu                                  32 FLOAT           "CPU usage"
        LIMITS DEFAULT 5 ENABLED 0.0 0.0 100.0 100.0
        UNITS % %
    APPEND_ITEM         load1                                32 FLOAT           "load from 1 minute average"
        LIMITS DEFAULT 5 ENABLED 0.0 0.0 30.0 30.0
    APPEND_ITEM         load5                                32 FLOAT           "load from 5 minutes average"
        LIMITS DEFAULT 5 ENABLED 0.0 0.0 30.0 30.0
    APPEND_ITEM         load15                               32 FLOAT           "load from 15 minutes average"
        LIMITS DEFAULT 5 ENABLED 0.0 0.0 30.0 30.0
    APPEND_ITEM         total-ram                            64 UINT            "total RAM"
        UNITS byte byte
    APPEND_ITEM         free-ram                             64 UINT            "free RAM"
        UNITS byte byte
    APPEND_ITEM         free-swap                            64 UINT            "free SWAP"
        UNITS byte byte
