# This file was autogenerated from ASN.1 model.

TELEMETRY sample_module_msg Sample-packet BIG_ENDIAN ""
    APPEND_ITEM         number                               32 FLOAT           ""
        LIMITS DEFAULT 5 ENABLED 0.0 0.0 1000.3 1000.3
