# This file was autogenerated from ASN.1 model.

TELEMETRY example Example BIG_ENDIAN ""
    APPEND_ARRAY_ITEM   zip-code                              4 UINT         20 ""
