# This file was autogenerated from ASN.1 model.

TELEMETRY gnc Gnc-data-tlm BIG_ENDIAN "GNC_DATA_MID gnc_DataTlm_t (0x08A0)"
    APPEND_ID_ITEM      packet-version-number                 3 UINT          0 ""
    APPEND_ID_ITEM      packet-type-is-cmd                    1 UINT          0 ""
        STATE False                           0
        STATE True                            1
    APPEND_ID_ITEM      sec-hdr-flag-is-present               1 UINT          1 ""
        STATE False                           0
        STATE True                            1
    APPEND_ID_ITEM      application-process-identifier       11 UINT       0xA0 ""
    APPEND_ITEM         sequence-flags                        2 UINT            ""
        STATE continuation-packet-in-sequence 0
        STATE first-packet-in-sequence        1
        STATE last-packet-in-sequence         2
        STATE complete-packet                 3
    APPEND_ITEM         packet-sequence-count                14 UINT            ""
    APPEND_ITEM         packet-data-length                   16 UINT            "length of the packet"
    APPEND_ITEM         seconds                              32 UINT            ""
        UNITS sec sec
    APPEND_ITEM         subsecs                              16 UINT            "unit: 2**-16 sec = 0.015 ms"
    APPEND_ITEM         spare                                32 UINT            "Spares"
    APPEND_ITEM         pos                                  64 FLOAT           "" LITTLE_ENDIAN
        LIMITS DEFAULT 5 ENABLED -1e-40 -1e-40 1e+40 1e+40
        UNITS m m
    APPEND_ITEM         vel                                  64 FLOAT           "" LITTLE_ENDIAN
        LIMITS DEFAULT 5 ENABLED -1e-40 -1e-40 1e+40 1e+40
        UNITS m/s m/s
    APPEND_ITEM         acc                                  64 FLOAT           "" LITTLE_ENDIAN
        LIMITS DEFAULT 5 ENABLED -1e-40 -1e-40 1e+40 1e+40
        UNITS m/s^2 m/s^2
    APPEND_ITEM         p                                    64 FLOAT           "" LITTLE_ENDIAN
        LIMITS DEFAULT 5 ENABLED -1e-40 -1e-40 1e+40 1e+40
    APPEND_ITEM         i                                    64 FLOAT           "" LITTLE_ENDIAN
        LIMITS DEFAULT 5 ENABLED -1e-40 -1e-40 1e+40 1e+40
    APPEND_ITEM         d                                    64 FLOAT           "" LITTLE_ENDIAN
        LIMITS DEFAULT 5 ENABLED -1e-40 -1e-40 1e+40 1e+40
    APPEND_ITEM         thrust                               64 FLOAT           "" LITTLE_ENDIAN
        LIMITS DEFAULT 5 ENABLED -1e-40 -1e-40 1e+40 1e+40
        UNITS N N
