# This file was autogenerated from ASN.1 model.

TELEMETRY c_module_msg C-packet BIG_ENDIAN ""
    APPEND_ID_ITEM      a-name                                8 UINT          0 ""
